

================================================================
== Vivado HLS Report for 'getTotalCurrent'
================================================================
* Date:           Sat May 15 00:01:27 2021

* Version:        2018.3 (Build 2405991 on Thu Dec 06 23:56:15 MST 2018)
* Project:        hls_gapjuntion_prj
* Solution:       solution1
* Product family: zynq
* Target device:  xc7z045ffg900-2


================================================================
== Performance Estimates
================================================================
+ Timing (ns): 
    * Summary: 
    +--------+-------+----------+------------+
    |  Clock | Target| Estimated| Uncertainty|
    +--------+-------+----------+------------+
    |ap_clk  |   5.00|     4.350|        0.62|
    +--------+-------+----------+------------+

+ Latency (clock cycles): 
    * Summary: 
    +-----+-----+-----+-----+---------+
    |  Latency  |  Interval | Pipeline|
    | min | max | min | max |   Type  |
    +-----+-----+-----+-----+---------+
    |   23|   23|   23|   23|   none  |
    +-----+-----+-----+-----+---------+

    + Detail: 
        * Instance: 
        N/A

        * Loop: 
        N/A



================================================================
== Utilization Estimates
================================================================
* Summary: 
+-----------------+---------+-------+--------+--------+
|       Name      | BRAM_18K| DSP48E|   FF   |   LUT  |
+-----------------+---------+-------+--------+--------+
|DSP              |        -|      -|       -|       -|
|Expression       |        -|      -|       0|      42|
|FIFO             |        -|      -|       -|       -|
|Instance         |        -|     25|    1940|    2898|
|Memory           |        -|      -|       -|       -|
|Multiplexer      |        -|      -|       -|      13|
|Register         |        -|      -|     410|       -|
+-----------------+---------+-------+--------+--------+
|Total            |        0|     25|    2350|    2953|
+-----------------+---------+-------+--------+--------+
|Available        |     1090|    900|  437200|  218600|
+-----------------+---------+-------+--------+--------+
|Utilization (%)  |        0|      2|   ~0   |       1|
+-----------------+---------+-------+--------+--------+

+ Detail: 
    * Instance: 
    +---------------------------------------------------+----------------------------------------------+---------+-------+-----+------+
    |                      Instance                     |                    Module                    | BRAM_18K| DSP48E|  FF |  LUT |
    +---------------------------------------------------+----------------------------------------------+---------+-------+-----+------+
    |GapJunctionIP_dadd_64ns_64ns_64_9_full_dsp_1_U168  |GapJunctionIP_dadd_64ns_64ns_64_9_full_dsp_1  |        0|      3|  700|  1103|
    |GapJunctionIP_dmul_64ns_64ns_64_10_max_dsp_1_U169  |GapJunctionIP_dmul_64ns_64ns_64_10_max_dsp_1  |        0|     11|  456|   612|
    |GapJunctionIP_dmul_64ns_64ns_64_10_max_dsp_1_U170  |GapJunctionIP_dmul_64ns_64ns_64_10_max_dsp_1  |        0|     11|  456|   612|
    |GapJunctionIP_fpext_32ns_64_1_1_U166               |GapJunctionIP_fpext_32ns_64_1_1               |        0|      0|  100|   143|
    |GapJunctionIP_fpext_32ns_64_1_1_U167               |GapJunctionIP_fpext_32ns_64_1_1               |        0|      0|  100|   143|
    |GapJunctionIP_fptrunc_64ns_32_2_1_U165             |GapJunctionIP_fptrunc_64ns_32_2_1             |        0|      0|  128|   285|
    +---------------------------------------------------+----------------------------------------------+---------+-------+-----+------+
    |Total                                              |                                              |        0|     25| 1940|  2898|
    +---------------------------------------------------+----------------------------------------------+---------+-------+-----+------+

    * DSP48: 
    N/A

    * Memory: 
    N/A

    * FIFO: 
    N/A

    * Expression: 
    +--------------------+----------+-------+---+----+------------+------------+
    |    Variable Name   | Operation| DSP48E| FF| LUT| Bitwidth P0| Bitwidth P1|
    +--------------------+----------+-------+---+----+------------+------------+
    |ret_V_fu_136_p2     |     +    |      0|  0|  28|          28|           2|
    |output_r_TLAST      |    and   |      0|  0|   1|           1|           1|
    |tmp_10_i_fu_146_p2  |   icmp   |      0|  0|  11|          28|          28|
    |tmp_i_fu_126_p2     |   icmp   |      0|  0|   2|           3|           2|
    +--------------------+----------+-------+---+----+------------+------------+
    |Total               |          |      0|  0|  42|          60|          33|
    +--------------------+----------+-------+---+----+------------+------------+

    * Multiplexer: 
    +----------------------+----+-----------+-----+-----------+
    |         Name         | LUT| Input Size| Bits| Total Bits|
    +----------------------+----+-----------+-----+-----------+
    |ap_NS_fsm             |  10|         25|    1|         25|
    |output_r_TDATA_blk_n  |   3|          2|    1|          2|
    +----------------------+----+-----------+-----+-----------+
    |Total                 |  13|         27|    2|         27|
    +----------------------+----+-----------+-----+-----------+

    * Register: 
    +--------------------------+----+----+-----+-----------+
    |           Name           | FF | LUT| Bits| Const Bits|
    +--------------------------+----+----+-----+-----------+
    |F_temp_data_load_reg_172  |  32|   0|   32|          0|
    |V_temp_data_load_reg_177  |  32|   0|   32|          0|
    |ap_CS_fsm                 |  24|   0|   24|          0|
    |tmp_10_i_reg_207          |   1|   0|    1|          0|
    |tmp_1_reg_192             |  64|   0|   64|          0|
    |tmp_2_reg_187             |  64|   0|   64|          0|
    |tmp_3_reg_197             |  64|   0|   64|          0|
    |tmp_4_reg_202             |  64|   0|   64|          0|
    |tmp_i_reg_167             |   1|   0|    1|          0|
    |tmp_s_reg_182             |  64|   0|   64|          0|
    +--------------------------+----+----+-----+-----------+
    |Total                     | 410|   0|  410|          0|
    +--------------------------+----+----+-----+-----------+



================================================================
== Interface
================================================================
* Summary: 
+---------------------------------+-----+-----+------------+---------------------------------+--------------+
|            RTL Ports            | Dir | Bits|  Protocol  |          Source Object          |    C Type    |
+---------------------------------+-----+-----+------------+---------------------------------+--------------+
|ap_clk                           |  in |    1| ap_ctrl_hs |         getTotalCurrent         | return value |
|ap_rst                           |  in |    1| ap_ctrl_hs |         getTotalCurrent         | return value |
|ap_start                         |  in |    1| ap_ctrl_hs |         getTotalCurrent         | return value |
|ap_done                          | out |    1| ap_ctrl_hs |         getTotalCurrent         | return value |
|ap_idle                          | out |    1| ap_ctrl_hs |         getTotalCurrent         | return value |
|ap_ready                         | out |    1| ap_ctrl_hs |         getTotalCurrent         | return value |
|row_V                            |  in |    3|   ap_none  |              row_V              |    scalar    |
|output_r_TDATA                   | out |   32|    axis    |             I_V_data            |    pointer   |
|output_r_TREADY                  |  in |    1|    axis    |             I_V_data            |    pointer   |
|output_r_TVALID                  | out |    1|    axis    |           I_V_tlast_V           |    pointer   |
|output_r_TLAST                   | out |    1|    axis    |           I_V_tlast_V           |    pointer   |
|RowOfBlocks_V_read               |  in |   26|   ap_none  |        RowOfBlocks_V_read       |    scalar    |
|simConfig_rowsToSimulate_V_read  |  in |   27|   ap_none  | simConfig_rowsToSimulate_V_read |    scalar    |
|F_temp_data_address0             | out |    2|  ap_memory |           F_temp_data           |     array    |
|F_temp_data_ce0                  | out |    1|  ap_memory |           F_temp_data           |     array    |
|F_temp_data_q0                   |  in |   32|  ap_memory |           F_temp_data           |     array    |
|V_temp_data_address0             | out |    2|  ap_memory |           V_temp_data           |     array    |
|V_temp_data_ce0                  | out |    1|  ap_memory |           V_temp_data           |     array    |
|V_temp_data_q0                   |  in |   32|  ap_memory |           V_temp_data           |     array    |
+---------------------------------+-----+-----+------------+---------------------------------+--------------+

