

================================================================
== Vivado HLS Report for 'getTotalCurrent'
================================================================
* Date:           Sat May 15 00:01:27 2021

* Version:        2018.3 (Build 2405991 on Thu Dec 06 23:56:15 MST 2018)
* Project:        hls_gapjuntion_prj
* Solution:       solution1
* Product family: zynq
* Target device:  xc7z045ffg900-2


================================================================
== Performance Estimates
================================================================
+ Timing (ns): 
    * Summary: 
    +--------+-------+----------+------------+
    |  Clock | Target| Estimated| Uncertainty|
    +--------+-------+----------+------------+
    |ap_clk  |   5.00|     4.350|        0.62|
    +--------+-------+----------+------------+

+ Latency (clock cycles): 
    * Summary: 
    +-----+-----+-----+-----+---------+
    |  Latency  |  Interval | Pipeline|
    | min | max | min | max |   Type  |
    +-----+-----+-----+-----+---------+
    |   23|   23|   23|   23|   none  |
    +-----+-----+-----+-----+---------+

    + Detail: 
        * Instance: 
        N/A

        * Loop: 
        N/A



================================================================
== Utilization Estimates
================================================================
* Summary: 
+-----------------+---------+-------+--------+--------+
|       Name      | BRAM_18K| DSP48E|   FF   |   LUT  |
+-----------------+---------+-------+--------+--------+
|DSP              |        -|      -|       -|       -|
|Expression       |        -|      -|       0|      42|
|FIFO             |        -|      -|       -|       -|
|Instance         |        -|     25|    1940|    2898|
|Memory           |        -|      -|       -|       -|
|Multiplexer      |        -|      -|       -|      13|
|Register         |        -|      -|     410|       -|
+-----------------+---------+-------+--------+--------+
|Total            |        0|     25|    2350|    2953|
+-----------------+---------+-------+--------+--------+
|Available        |     1090|    900|  437200|  218600|
+-----------------+---------+-------+--------+--------+
|Utilization (%)  |        0|      2|   ~0   |       1|
+-----------------+---------+-------+--------+--------+

+ Detail: 
    * Instance: 
    +---------------------------------------------------+----------------------------------------------+---------+-------+-----+------+
    |                      Instance                     |                    Module                    | BRAM_18K| DSP48E|  FF |  LUT |
    +---------------------------------------------------+----------------------------------------------+---------+-------+-----+------+
    |GapJunctionIP_dadd_64ns_64ns_64_9_full_dsp_1_U168  |GapJunctionIP_dadd_64ns_64ns_64_9_full_dsp_1  |        0|      3|  700|  1103|
    |GapJunctionIP_dmul_64ns_64ns_64_10_max_dsp_1_U169  |GapJunctionIP_dmul_64ns_64ns_64_10_max_dsp_1  |        0|     11|  456|   612|
    |GapJunctionIP_dmul_64ns_64ns_64_10_max_dsp_1_U170  |GapJunctionIP_dmul_64ns_64ns_64_10_max_dsp_1  |        0|     11|  456|   612|
    |GapJunctionIP_fpext_32ns_64_1_1_U166               |GapJunctionIP_fpext_32ns_64_1_1               |        0|      0|  100|   143|
    |GapJunctionIP_fpext_32ns_64_1_1_U167               |GapJunctionIP_fpext_32ns_64_1_1               |        0|      0|  100|   143|
    |GapJunctionIP_fptrunc_64ns_32_2_1_U165             |GapJunctionIP_fptrunc_64ns_32_2_1             |        0|      0|  128|   285|
    +---------------------------------------------------+----------------------------------------------+---------+-------+-----+------+
    |Total                                              |                                              |        0|     25| 1940|  2898|
    +---------------------------------------------------+----------------------------------------------+---------+-------+-----+------+

    * DSP48: 
    N/A

    * Memory: 
    N/A

    * FIFO: 
    N/A

    * Expression: 
    +--------------------+----------+-------+---+----+------------+------------+
    |    Variable Name   | Operation| DSP48E| FF| LUT| Bitwidth P0| Bitwidth P1|
    +--------------------+----------+-------+---+----+------------+------------+
    |ret_V_fu_136_p2     |     +    |      0|  0|  28|          28|           2|
    |output_r_TLAST      |    and   |      0|  0|   1|           1|           1|
    |tmp_10_i_fu_146_p2  |   icmp   |      0|  0|  11|          28|          28|
    |tmp_i_fu_126_p2     |   icmp   |      0|  0|   2|           3|           2|
    +--------------------+----------+-------+---+----+------------+------------+
    |Total               |          |      0|  0|  42|          60|          33|
    +--------------------+----------+-------+---+----+------------+------------+

    * Multiplexer: 
    +----------------------+----+-----------+-----+-----------+
    |         Name         | LUT| Input Size| Bits| Total Bits|
    +----------------------+----+-----------+-----+-----------+
    |ap_NS_fsm             |  10|         25|    1|         25|
    |output_r_TDATA_blk_n  |   3|          2|    1|          2|
    +----------------------+----+-----------+-----+-----------+
    |Total                 |  13|         27|    2|         27|
    +----------------------+----+-----------+-----+-----------+

    * Register: 
    +--------------------------+----+----+-----+-----------+
    |           Name           | FF | LUT| Bits| Const Bits|
    +--------------------------+----+----+-----+-----------+
    |F_temp_data_load_reg_172  |  32|   0|   32|          0|
    |V_temp_data_load_reg_177  |  32|   0|   32|          0|
    |ap_CS_fsm                 |  24|   0|   24|          0|
    |tmp_10_i_reg_207          |   1|   0|    1|          0|
    |tmp_1_reg_192             |  64|   0|   64|          0|
    |tmp_2_reg_187             |  64|   0|   64|          0|
    |tmp_3_reg_197             |  64|   0|   64|          0|
    |tmp_4_reg_202             |  64|   0|   64|          0|
    |tmp_i_reg_167             |   1|   0|    1|          0|
    |tmp_s_reg_182             |  64|   0|   64|          0|
    +--------------------------+----+----+-----+-----------+
    |Total                     | 410|   0|  410|          0|
    +--------------------------+----+----+-----+-----------+



================================================================
== Interface
================================================================
* Summary: 
+---------------------------------+-----+-----+------------+---------------------------------+--------------+
|            RTL Ports            | Dir | Bits|  Protocol  |          Source Object          |    C Type    |
+---------------------------------+-----+-----+------------+---------------------------------+--------------+
|ap_clk                           |  in |    1| ap_ctrl_hs |         getTotalCurrent         | return value |
|ap_rst                           |  in |    1| ap_ctrl_hs |         getTotalCurrent         | return value |
|ap_start                         |  in |    1| ap_ctrl_hs |         getTotalCurrent         | return value |
|ap_done                          | out |    1| ap_ctrl_hs |         getTotalCurrent         | return value |
|ap_idle                          | out |    1| ap_ctrl_hs |         getTotalCurrent         | return value |
|ap_ready                         | out |    1| ap_ctrl_hs |         getTotalCurrent         | return value |
|row_V                            |  in |    3|   ap_none  |              row_V              |    scalar    |
|output_r_TDATA                   | out |   32|    axis    |             I_V_data            |    pointer   |
|output_r_TREADY                  |  in |    1|    axis    |             I_V_data            |    pointer   |
|output_r_TVALID                  | out |    1|    axis    |           I_V_tlast_V           |    pointer   |
|output_r_TLAST                   | out |    1|    axis    |           I_V_tlast_V           |    pointer   |
|RowOfBlocks_V_read               |  in |   26|   ap_none  |        RowOfBlocks_V_read       |    scalar    |
|simConfig_rowsToSimulate_V_read  |  in |   27|   ap_none  | simConfig_rowsToSimulate_V_read |    scalar    |
|F_temp_data_address0             | out |    2|  ap_memory |           F_temp_data           |     array    |
|F_temp_data_ce0                  | out |    1|  ap_memory |           F_temp_data           |     array    |
|F_temp_data_q0                   |  in |   32|  ap_memory |           F_temp_data           |     array    |
|V_temp_data_address0             | out |    2|  ap_memory |           V_temp_data           |     array    |
|V_temp_data_ce0                  | out |    1|  ap_memory |           V_temp_data           |     array    |
|V_temp_data_q0                   |  in |   32|  ap_memory |           V_temp_data           |     array    |
+---------------------------------+-----+-----+------------+---------------------------------+--------------+

============================================================
+ Verbose Summary: Synthesis Manager
============================================================
InlineROM: 1
ExposeGlobal: 0
============================================================
+ Verbose Summary: CDFG Model
============================================================
IsTopModel: 0
ResetActiveHigh: 1
IsCombinational: 2
IsDatapathOnly: 2
HasWiredReturn: 1
HasMFsm: 0
HasVarLatency: 1
IsPipeline: 0
IsRtlPipelined: 0
IsInstanceOverlapped: 0
IsDontTouch: 0
HasImplIP: 0
IsGatedGlobalClock: 0


============================================================
+ Verbose Summary: Schedule
============================================================
* Number of FSM states : 24
* Pipeline : 0
* Dataflow Pipeline: 0

* FSM state transitions: 
1 --> 
	2  / true
2 --> 
	3  / true
3 --> 
	4  / true
4 --> 
	5  / true
5 --> 
	6  / true
6 --> 
	7  / true
7 --> 
	8  / true
8 --> 
	9  / true
9 --> 
	10  / true
10 --> 
	11  / true
11 --> 
	12  / true
12 --> 
	13  / true
13 --> 
	14  / true
14 --> 
	15  / true
15 --> 
	16  / true
16 --> 
	17  / true
17 --> 
	18  / true
18 --> 
	19  / true
19 --> 
	20  / true
20 --> 
	21  / true
21 --> 
	22  / true
22 --> 
	23  / true
23 --> 
	24  / true
24 --> 

* FSM state operations: 

State 1 <SV = 0> <Delay = 1.75>
ST_1 : Operation 25 [1/1] (0.00ns)   --->   "%row_V_read = call i3 @_ssdm_op_Read.ap_auto.i3(i3 %row_V)"   --->   Operation 25 'read' 'row_V_read' <Predicate = true> <Delay = 0.00>
ST_1 : Operation 26 [1/1] (0.00ns)   --->   "%tmp = zext i3 %row_V_read to i64" [modules/I_calc/I_calc.cpp:43]   --->   Operation 26 'zext' 'tmp' <Predicate = true> <Delay = 0.00>
ST_1 : Operation 27 [1/1] (0.00ns)   --->   "%F_temp_data_addr = getelementptr [4 x float]* %F_temp_data, i64 0, i64 %tmp" [modules/I_calc/I_calc.cpp:43]   --->   Operation 27 'getelementptr' 'F_temp_data_addr' <Predicate = true> <Delay = 0.00>
ST_1 : Operation 28 [2/2] (1.75ns)   --->   "%F_temp_data_load = load float* %F_temp_data_addr, align 4" [modules/I_calc/I_calc.cpp:43]   --->   Operation 28 'load' 'F_temp_data_load' <Predicate = true> <Delay = 1.75> <Core = "RAM">   --->   Core 37 'RAM' <Latency = 1> <II = 1> <Delay = 1.75> <Storage> <Opcode : 'load' 'store'> <Ports = 2> <Width = 32> <Depth = 4> <RAM>
ST_1 : Operation 29 [1/1] (0.00ns)   --->   "%V_temp_data_addr = getelementptr [4 x float]* %V_temp_data, i64 0, i64 %tmp" [modules/I_calc/I_calc.cpp:43]   --->   Operation 29 'getelementptr' 'V_temp_data_addr' <Predicate = true> <Delay = 0.00>
ST_1 : Operation 30 [2/2] (1.75ns)   --->   "%V_temp_data_load = load float* %V_temp_data_addr, align 4" [modules/I_calc/I_calc.cpp:43]   --->   Operation 30 'load' 'V_temp_data_load' <Predicate = true> <Delay = 1.75> <Core = "RAM">   --->   Core 37 'RAM' <Latency = 1> <II = 1> <Delay = 1.75> <Storage> <Opcode : 'load' 'store'> <Ports = 2> <Width = 32> <Depth = 4> <RAM>
ST_1 : Operation 31 [1/1] (0.98ns)   --->   "%tmp_i = icmp eq i3 %row_V_read, 3" [modules/I_calc/I_calc.cpp:34->modules/I_calc/I_calc.cpp:44]   --->   Operation 31 'icmp' 'tmp_i' <Predicate = true> <Delay = 0.98> <Core = "Cmp">   --->   Core 25 'Cmp' <Latency = 0> <II = 1> <Delay = 0.98> <FuncUnit> <Opcode : 'icmp'> <InPorts = 2> <OutPorts = 1>

State 2 <SV = 1> <Delay = 1.75>
ST_2 : Operation 32 [1/2] (1.75ns)   --->   "%F_temp_data_load = load float* %F_temp_data_addr, align 4" [modules/I_calc/I_calc.cpp:43]   --->   Operation 32 'load' 'F_temp_data_load' <Predicate = true> <Delay = 1.75> <Core = "RAM">   --->   Core 37 'RAM' <Latency = 1> <II = 1> <Delay = 1.75> <Storage> <Opcode : 'load' 'store'> <Ports = 2> <Width = 32> <Depth = 4> <RAM>
ST_2 : Operation 33 [1/2] (1.75ns)   --->   "%V_temp_data_load = load float* %V_temp_data_addr, align 4" [modules/I_calc/I_calc.cpp:43]   --->   Operation 33 'load' 'V_temp_data_load' <Predicate = true> <Delay = 1.75> <Core = "RAM">   --->   Core 37 'RAM' <Latency = 1> <II = 1> <Delay = 1.75> <Storage> <Opcode : 'load' 'store'> <Ports = 2> <Width = 32> <Depth = 4> <RAM>

State 3 <SV = 2> <Delay = 3.94>
ST_3 : Operation 34 [1/1] (3.94ns)   --->   "%tmp_s = fpext float %F_temp_data_load to double" [modules/I_calc/I_calc.cpp:43]   --->   Operation 34 'fpext' 'tmp_s' <Predicate = true> <Delay = 3.94> <Core = "Float2Double">   --->   Core 113 'Float2Double' <Latency = 0> <II = 1> <Delay = 3.94> <FuncUnit> <Opcode : 'fpext'> <InPorts = 1> <OutPorts = 1>
ST_3 : Operation 35 [1/1] (3.94ns)   --->   "%tmp_2 = fpext float %V_temp_data_load to double" [modules/I_calc/I_calc.cpp:43]   --->   Operation 35 'fpext' 'tmp_2' <Predicate = true> <Delay = 3.94> <Core = "Float2Double">   --->   Core 113 'Float2Double' <Latency = 0> <II = 1> <Delay = 3.94> <FuncUnit> <Opcode : 'fpext'> <InPorts = 1> <OutPorts = 1>

State 4 <SV = 3> <Delay = 3.64>
ST_4 : Operation 36 [10/10] (3.64ns)   --->   "%tmp_1 = fmul double %tmp_s, 8.000000e-01" [modules/I_calc/I_calc.cpp:43]   --->   Operation 36 'dmul' 'tmp_1' <Predicate = true> <Delay = 3.64> <Core = "DMul">   --->   Core 115 'DMul' <Latency = 9> <II = 1> <Delay = 3.64> <FuncUnit> <Opcode : 'dmul'> <InPorts = 2> <OutPorts = 1>
ST_4 : Operation 37 [10/10] (3.64ns)   --->   "%tmp_3 = fmul double %tmp_2, 2.000000e-01" [modules/I_calc/I_calc.cpp:43]   --->   Operation 37 'dmul' 'tmp_3' <Predicate = true> <Delay = 3.64> <Core = "DMul">   --->   Core 115 'DMul' <Latency = 9> <II = 1> <Delay = 3.64> <FuncUnit> <Opcode : 'dmul'> <InPorts = 2> <OutPorts = 1>

State 5 <SV = 4> <Delay = 3.64>
ST_5 : Operation 38 [9/10] (3.64ns)   --->   "%tmp_1 = fmul double %tmp_s, 8.000000e-01" [modules/I_calc/I_calc.cpp:43]   --->   Operation 38 'dmul' 'tmp_1' <Predicate = true> <Delay = 3.64> <Core = "DMul">   --->   Core 115 'DMul' <Latency = 9> <II = 1> <Delay = 3.64> <FuncUnit> <Opcode : 'dmul'> <InPorts = 2> <OutPorts = 1>
ST_5 : Operation 39 [9/10] (3.64ns)   --->   "%tmp_3 = fmul double %tmp_2, 2.000000e-01" [modules/I_calc/I_calc.cpp:43]   --->   Operation 39 'dmul' 'tmp_3' <Predicate = true> <Delay = 3.64> <Core = "DMul">   --->   Core 115 'DMul' <Latency = 9> <II = 1> <Delay = 3.64> <FuncUnit> <Opcode : 'dmul'> <InPorts = 2> <OutPorts = 1>

State 6 <SV = 5> <Delay = 3.64>
ST_6 : Operation 40 [8/10] (3.64ns)   --->   "%tmp_1 = fmul double %tmp_s, 8.000000e-01" [modules/I_calc/I_calc.cpp:43]   --->   Operation 40 'dmul' 'tmp_1' <Predicate = true> <Delay = 3.64> <Core = "DMul">   --->   Core 115 'DMul' <Latency = 9> <II = 1> <Delay = 3.64> <FuncUnit> <Opcode : 'dmul'> <InPorts = 2> <OutPorts = 1>
ST_6 : Operation 41 [8/10] (3.64ns)   --->   "%tmp_3 = fmul double %tmp_2, 2.000000e-01" [modules/I_calc/I_calc.cpp:43]   --->   Operation 41 'dmul' 'tmp_3' <Predicate = true> <Delay = 3.64> <Core = "DMul">   --->   Core 115 'DMul' <Latency = 9> <II = 1> <Delay = 3.64> <FuncUnit> <Opcode : 'dmul'> <InPorts = 2> <OutPorts = 1>

State 7 <SV = 6> <Delay = 3.64>
ST_7 : Operation 42 [7/10] (3.64ns)   --->   "%tmp_1 = fmul double %tmp_s, 8.000000e-01" [modules/I_calc/I_calc.cpp:43]   --->   Operation 42 'dmul' 'tmp_1' <Predicate = true> <Delay = 3.64> <Core = "DMul">   --->   Core 115 'DMul' <Latency = 9> <II = 1> <Delay = 3.64> <FuncUnit> <Opcode : 'dmul'> <InPorts = 2> <OutPorts = 1>
ST_7 : Operation 43 [7/10] (3.64ns)   --->   "%tmp_3 = fmul double %tmp_2, 2.000000e-01" [modules/I_calc/I_calc.cpp:43]   --->   Operation 43 'dmul' 'tmp_3' <Predicate = true> <Delay = 3.64> <Core = "DMul">   --->   Core 115 'DMul' <Latency = 9> <II = 1> <Delay = 3.64> <FuncUnit> <Opcode : 'dmul'> <InPorts = 2> <OutPorts = 1>

State 8 <SV = 7> <Delay = 3.64>
ST_8 : Operation 44 [6/10] (3.64ns)   --->   "%tmp_1 = fmul double %tmp_s, 8.000000e-01" [modules/I_calc/I_calc.cpp:43]   --->   Operation 44 'dmul' 'tmp_1' <Predicate = true> <Delay = 3.64> <Core = "DMul">   --->   Core 115 'DMul' <Latency = 9> <II = 1> <Delay = 3.64> <FuncUnit> <Opcode : 'dmul'> <InPorts = 2> <OutPorts = 1>
ST_8 : Operation 45 [6/10] (3.64ns)   --->   "%tmp_3 = fmul double %tmp_2, 2.000000e-01" [modules/I_calc/I_calc.cpp:43]   --->   Operation 45 'dmul' 'tmp_3' <Predicate = true> <Delay = 3.64> <Core = "DMul">   --->   Core 115 'DMul' <Latency = 9> <II = 1> <Delay = 3.64> <FuncUnit> <Opcode : 'dmul'> <InPorts = 2> <OutPorts = 1>

State 9 <SV = 8> <Delay = 3.64>
ST_9 : Operation 46 [5/10] (3.64ns)   --->   "%tmp_1 = fmul double %tmp_s, 8.000000e-01" [modules/I_calc/I_calc.cpp:43]   --->   Operation 46 'dmul' 'tmp_1' <Predicate = true> <Delay = 3.64> <Core = "DMul">   --->   Core 115 'DMul' <Latency = 9> <II = 1> <Delay = 3.64> <FuncUnit> <Opcode : 'dmul'> <InPorts = 2> <OutPorts = 1>
ST_9 : Operation 47 [5/10] (3.64ns)   --->   "%tmp_3 = fmul double %tmp_2, 2.000000e-01" [modules/I_calc/I_calc.cpp:43]   --->   Operation 47 'dmul' 'tmp_3' <Predicate = true> <Delay = 3.64> <Core = "DMul">   --->   Core 115 'DMul' <Latency = 9> <II = 1> <Delay = 3.64> <FuncUnit> <Opcode : 'dmul'> <InPorts = 2> <OutPorts = 1>

State 10 <SV = 9> <Delay = 3.64>
ST_10 : Operation 48 [4/10] (3.64ns)   --->   "%tmp_1 = fmul double %tmp_s, 8.000000e-01" [modules/I_calc/I_calc.cpp:43]   --->   Operation 48 'dmul' 'tmp_1' <Predicate = true> <Delay = 3.64> <Core = "DMul">   --->   Core 115 'DMul' <Latency = 9> <II = 1> <Delay = 3.64> <FuncUnit> <Opcode : 'dmul'> <InPorts = 2> <OutPorts = 1>
ST_10 : Operation 49 [4/10] (3.64ns)   --->   "%tmp_3 = fmul double %tmp_2, 2.000000e-01" [modules/I_calc/I_calc.cpp:43]   --->   Operation 49 'dmul' 'tmp_3' <Predicate = true> <Delay = 3.64> <Core = "DMul">   --->   Core 115 'DMul' <Latency = 9> <II = 1> <Delay = 3.64> <FuncUnit> <Opcode : 'dmul'> <InPorts = 2> <OutPorts = 1>

State 11 <SV = 10> <Delay = 3.64>
ST_11 : Operation 50 [3/10] (3.64ns)   --->   "%tmp_1 = fmul double %tmp_s, 8.000000e-01" [modules/I_calc/I_calc.cpp:43]   --->   Operation 50 'dmul' 'tmp_1' <Predicate = true> <Delay = 3.64> <Core = "DMul">   --->   Core 115 'DMul' <Latency = 9> <II = 1> <Delay = 3.64> <FuncUnit> <Opcode : 'dmul'> <InPorts = 2> <OutPorts = 1>
ST_11 : Operation 51 [3/10] (3.64ns)   --->   "%tmp_3 = fmul double %tmp_2, 2.000000e-01" [modules/I_calc/I_calc.cpp:43]   --->   Operation 51 'dmul' 'tmp_3' <Predicate = true> <Delay = 3.64> <Core = "DMul">   --->   Core 115 'DMul' <Latency = 9> <II = 1> <Delay = 3.64> <FuncUnit> <Opcode : 'dmul'> <InPorts = 2> <OutPorts = 1>

State 12 <SV = 11> <Delay = 3.64>
ST_12 : Operation 52 [2/10] (3.64ns)   --->   "%tmp_1 = fmul double %tmp_s, 8.000000e-01" [modules/I_calc/I_calc.cpp:43]   --->   Operation 52 'dmul' 'tmp_1' <Predicate = true> <Delay = 3.64> <Core = "DMul">   --->   Core 115 'DMul' <Latency = 9> <II = 1> <Delay = 3.64> <FuncUnit> <Opcode : 'dmul'> <InPorts = 2> <OutPorts = 1>
ST_12 : Operation 53 [2/10] (3.64ns)   --->   "%tmp_3 = fmul double %tmp_2, 2.000000e-01" [modules/I_calc/I_calc.cpp:43]   --->   Operation 53 'dmul' 'tmp_3' <Predicate = true> <Delay = 3.64> <Core = "DMul">   --->   Core 115 'DMul' <Latency = 9> <II = 1> <Delay = 3.64> <FuncUnit> <Opcode : 'dmul'> <InPorts = 2> <OutPorts = 1>

State 13 <SV = 12> <Delay = 3.64>
ST_13 : Operation 54 [1/10] (3.64ns)   --->   "%tmp_1 = fmul double %tmp_s, 8.000000e-01" [modules/I_calc/I_calc.cpp:43]   --->   Operation 54 'dmul' 'tmp_1' <Predicate = true> <Delay = 3.64> <Core = "DMul">   --->   Core 115 'DMul' <Latency = 9> <II = 1> <Delay = 3.64> <FuncUnit> <Opcode : 'dmul'> <InPorts = 2> <OutPorts = 1>
ST_13 : Operation 55 [1/10] (3.64ns)   --->   "%tmp_3 = fmul double %tmp_2, 2.000000e-01" [modules/I_calc/I_calc.cpp:43]   --->   Operation 55 'dmul' 'tmp_3' <Predicate = true> <Delay = 3.64> <Core = "DMul">   --->   Core 115 'DMul' <Latency = 9> <II = 1> <Delay = 3.64> <FuncUnit> <Opcode : 'dmul'> <InPorts = 2> <OutPorts = 1>

State 14 <SV = 13> <Delay = 4.29>
ST_14 : Operation 56 [9/9] (4.29ns)   --->   "%tmp_4 = fadd double %tmp_1, %tmp_3" [modules/I_calc/I_calc.cpp:43]   --->   Operation 56 'dadd' 'tmp_4' <Predicate = true> <Delay = 4.29> <Core = "DAddSub">   --->   Core 114 'DAddSub' <Latency = 8> <II = 1> <Delay = 4.29> <FuncUnit> <Opcode : 'dadd' 'dsub'> <InPorts = 2> <OutPorts = 1>

State 15 <SV = 14> <Delay = 4.29>
ST_15 : Operation 57 [8/9] (4.29ns)   --->   "%tmp_4 = fadd double %tmp_1, %tmp_3" [modules/I_calc/I_calc.cpp:43]   --->   Operation 57 'dadd' 'tmp_4' <Predicate = true> <Delay = 4.29> <Core = "DAddSub">   --->   Core 114 'DAddSub' <Latency = 8> <II = 1> <Delay = 4.29> <FuncUnit> <Opcode : 'dadd' 'dsub'> <InPorts = 2> <OutPorts = 1>

State 16 <SV = 15> <Delay = 4.29>
ST_16 : Operation 58 [7/9] (4.29ns)   --->   "%tmp_4 = fadd double %tmp_1, %tmp_3" [modules/I_calc/I_calc.cpp:43]   --->   Operation 58 'dadd' 'tmp_4' <Predicate = true> <Delay = 4.29> <Core = "DAddSub">   --->   Core 114 'DAddSub' <Latency = 8> <II = 1> <Delay = 4.29> <FuncUnit> <Opcode : 'dadd' 'dsub'> <InPorts = 2> <OutPorts = 1>

State 17 <SV = 16> <Delay = 4.29>
ST_17 : Operation 59 [6/9] (4.29ns)   --->   "%tmp_4 = fadd double %tmp_1, %tmp_3" [modules/I_calc/I_calc.cpp:43]   --->   Operation 59 'dadd' 'tmp_4' <Predicate = true> <Delay = 4.29> <Core = "DAddSub">   --->   Core 114 'DAddSub' <Latency = 8> <II = 1> <Delay = 4.29> <FuncUnit> <Opcode : 'dadd' 'dsub'> <InPorts = 2> <OutPorts = 1>

State 18 <SV = 17> <Delay = 4.29>
ST_18 : Operation 60 [5/9] (4.29ns)   --->   "%tmp_4 = fadd double %tmp_1, %tmp_3" [modules/I_calc/I_calc.cpp:43]   --->   Operation 60 'dadd' 'tmp_4' <Predicate = true> <Delay = 4.29> <Core = "DAddSub">   --->   Core 114 'DAddSub' <Latency = 8> <II = 1> <Delay = 4.29> <FuncUnit> <Opcode : 'dadd' 'dsub'> <InPorts = 2> <OutPorts = 1>

State 19 <SV = 18> <Delay = 4.29>
ST_19 : Operation 61 [4/9] (4.29ns)   --->   "%tmp_4 = fadd double %tmp_1, %tmp_3" [modules/I_calc/I_calc.cpp:43]   --->   Operation 61 'dadd' 'tmp_4' <Predicate = true> <Delay = 4.29> <Core = "DAddSub">   --->   Core 114 'DAddSub' <Latency = 8> <II = 1> <Delay = 4.29> <FuncUnit> <Opcode : 'dadd' 'dsub'> <InPorts = 2> <OutPorts = 1>

State 20 <SV = 19> <Delay = 4.29>
ST_20 : Operation 62 [3/9] (4.29ns)   --->   "%tmp_4 = fadd double %tmp_1, %tmp_3" [modules/I_calc/I_calc.cpp:43]   --->   Operation 62 'dadd' 'tmp_4' <Predicate = true> <Delay = 4.29> <Core = "DAddSub">   --->   Core 114 'DAddSub' <Latency = 8> <II = 1> <Delay = 4.29> <FuncUnit> <Opcode : 'dadd' 'dsub'> <InPorts = 2> <OutPorts = 1>

State 21 <SV = 20> <Delay = 4.29>
ST_21 : Operation 63 [2/9] (4.29ns)   --->   "%tmp_4 = fadd double %tmp_1, %tmp_3" [modules/I_calc/I_calc.cpp:43]   --->   Operation 63 'dadd' 'tmp_4' <Predicate = true> <Delay = 4.29> <Core = "DAddSub">   --->   Core 114 'DAddSub' <Latency = 8> <II = 1> <Delay = 4.29> <FuncUnit> <Opcode : 'dadd' 'dsub'> <InPorts = 2> <OutPorts = 1>

State 22 <SV = 21> <Delay = 4.29>
ST_22 : Operation 64 [1/9] (4.29ns)   --->   "%tmp_4 = fadd double %tmp_1, %tmp_3" [modules/I_calc/I_calc.cpp:43]   --->   Operation 64 'dadd' 'tmp_4' <Predicate = true> <Delay = 4.29> <Core = "DAddSub">   --->   Core 114 'DAddSub' <Latency = 8> <II = 1> <Delay = 4.29> <FuncUnit> <Opcode : 'dadd' 'dsub'> <InPorts = 2> <OutPorts = 1>

State 23 <SV = 22> <Delay = 4.35>
ST_23 : Operation 65 [1/1] (0.00ns)   --->   "%simConfig_rowsToSimu = call i27 @_ssdm_op_Read.ap_auto.i27(i27 %simConfig_rowsToSimulate_V_read)"   --->   Operation 65 'read' 'simConfig_rowsToSimu' <Predicate = true> <Delay = 0.00>
ST_23 : Operation 66 [1/1] (0.00ns)   --->   "%RowOfBlocks_V_read_1 = call i26 @_ssdm_op_Read.ap_auto.i26(i26 %RowOfBlocks_V_read)"   --->   Operation 66 'read' 'RowOfBlocks_V_read_1' <Predicate = true> <Delay = 0.00>
ST_23 : Operation 67 [2/2] (4.35ns)   --->   "%tmp_data = fptrunc double %tmp_4 to float" [modules/I_calc/I_calc.cpp:43]   --->   Operation 67 'fptrunc' 'tmp_data' <Predicate = true> <Delay = 4.35> <Core = "Double2Float">   --->   Core 122 'Double2Float' <Latency = 1> <II = 1> <Delay = 4.35> <FuncUnit> <Opcode : 'fptrunc'> <InPorts = 1> <OutPorts = 1>
ST_23 : Operation 68 [1/1] (0.00ns)   --->   "%lhs_V_i_cast = sext i27 %simConfig_rowsToSimu to i28" [modules/I_calc/I_calc.cpp:35->modules/I_calc/I_calc.cpp:44]   --->   Operation 68 'sext' 'lhs_V_i_cast' <Predicate = true> <Delay = 0.00>
ST_23 : Operation 69 [1/1] (1.77ns)   --->   "%ret_V = add i28 %lhs_V_i_cast, -1" [modules/I_calc/I_calc.cpp:35->modules/I_calc/I_calc.cpp:44]   --->   Operation 69 'add' 'ret_V' <Predicate = true> <Delay = 1.77> <Core = "AddSub">   --->   Core 14 'AddSub' <Latency = 0> <II = 1> <Delay = 1.79> <FuncUnit> <Opcode : 'add' 'sub'> <InPorts = 2> <OutPorts = 1>
ST_23 : Operation 70 [1/1] (0.00ns)   --->   "%tmp_i_cast = zext i26 %RowOfBlocks_V_read_1 to i28" [modules/I_calc/I_calc.cpp:35->modules/I_calc/I_calc.cpp:44]   --->   Operation 70 'zext' 'tmp_i_cast' <Predicate = true> <Delay = 0.00>
ST_23 : Operation 71 [1/1] (1.94ns)   --->   "%tmp_10_i = icmp eq i28 %tmp_i_cast, %ret_V" [modules/I_calc/I_calc.cpp:35->modules/I_calc/I_calc.cpp:44]   --->   Operation 71 'icmp' 'tmp_10_i' <Predicate = true> <Delay = 1.94> <Core = "Cmp">   --->   Core 25 'Cmp' <Latency = 0> <II = 1> <Delay = 0.98> <FuncUnit> <Opcode : 'icmp'> <InPorts = 2> <OutPorts = 1>

State 24 <SV = 23> <Delay = 4.35>
ST_24 : Operation 72 [1/1] (0.00ns)   --->   "call void (...)* @_ssdm_op_SpecInterface(float* %I_V_data, i1* %I_V_tlast_V, [5 x i8]* @p_str834, i32 0, i32 0, [5 x i8]* @p_str935, i32 0, i32 0, [1 x i8]* @p_str127, [1 x i8]* @p_str127, [1 x i8]* @p_str127, i32 0, i32 0, i32 0, i32 0, [1 x i8]* @p_str127, [1 x i8]* @p_str127) nounwind"   --->   Operation 72 'specinterface' <Predicate = true> <Delay = 0.00>
ST_24 : Operation 73 [1/2] (4.35ns)   --->   "%tmp_data = fptrunc double %tmp_4 to float" [modules/I_calc/I_calc.cpp:43]   --->   Operation 73 'fptrunc' 'tmp_data' <Predicate = true> <Delay = 4.35> <Core = "Double2Float">   --->   Core 122 'Double2Float' <Latency = 1> <II = 1> <Delay = 4.35> <FuncUnit> <Opcode : 'fptrunc'> <InPorts = 1> <OutPorts = 1>
ST_24 : Operation 74 [1/1] (0.80ns)   --->   "%tmp_tlast_V = and i1 %tmp_i, %tmp_10_i" [modules/I_calc/I_calc.cpp:34->modules/I_calc/I_calc.cpp:44]   --->   Operation 74 'and' 'tmp_tlast_V' <Predicate = true> <Delay = 0.80> <Core = "LogicGate">   --->   Core 27 'LogicGate' <Latency = 0> <II = 1> <Delay = 0.80> <FuncUnit> <Opcode : 'and' 'or' 'xor'> <InPorts = 2> <OutPorts = 1>
ST_24 : Operation 75 [1/1] (0.00ns)   --->   "call void @_ssdm_op_Write.axis.volatile.floatP.i1P(float* %I_V_data, i1* %I_V_tlast_V, float %tmp_data, i1 %tmp_tlast_V)" [modules/I_calc/I_calc.cpp:45]   --->   Operation 75 'write' <Predicate = true> <Delay = 0.00> <Core = "AXI4Stream">   --->   Core 5 'AXI4Stream' <Latency = 0> <II = 1> <Delay = 1.00> <Adapter> <Opcode : >
ST_24 : Operation 76 [1/1] (0.00ns)   --->   "ret void"   --->   Operation 76 'ret' <Predicate = true> <Delay = 0.00>


============================================================
+ Verbose Summary: Binding
============================================================
STG Binding: 
---------------- STG Properties BEGIN ----------------
- Is combinational: 0
- Is one-state seq: 0
- Is datapath-only: 0
- Is pipelined: 0
- Is top level: 0
Port [ Return ] is wired: 1; IO mode=ap_ctrl_hs:ce=0
Port [ row_V]:  wired=1; compound=0; hidden=0; nouse=0; global=0; static=0; extern=0; dir=0; type=0; pingpong=0; private_global=0; IO mode=ap_none:ce=0
Port [ I_V_data]:  wired=1; compound=1; hidden=0; nouse=0; global=0; static=0; extern=0; dir=1; type=0; pingpong=0; private_global=0; IO mode=axis:ce=0
Port [ I_V_tlast_V]:  wired=1; compound=1; hidden=0; nouse=0; global=0; static=0; extern=0; dir=1; type=0; pingpong=0; private_global=0; IO mode=axis:ce=0
Port [ RowOfBlocks_V_read]:  wired=1; compound=0; hidden=0; nouse=0; global=0; static=0; extern=0; dir=0; type=0; pingpong=0; private_global=0; IO mode=ap_none:ce=0
Port [ simConfig_rowsToSimulate_V_read]:  wired=1; compound=0; hidden=0; nouse=0; global=0; static=0; extern=0; dir=0; type=0; pingpong=0; private_global=0; IO mode=ap_none:ce=0
Port [ F_temp_data]:  wired=1; compound=1; hidden=0; nouse=0; global=0; static=0; extern=0; dir=0; type=1; pingpong=0; private_global=0; MemPort=[13]; IO mode=ap_memory:ce=0
Port [ V_temp_data]:  wired=1; compound=1; hidden=0; nouse=0; global=0; static=0; extern=0; dir=0; type=1; pingpong=0; private_global=0; MemPort=[13]; IO mode=ap_memory:ce=0
---------------- STG Properties END ------------------

---------------- Datapath Model BEGIN ----------------

<LifeTime>
<method=bitvector/>
row_V_read           (read         ) [ 0000000000000000000000000]
tmp                  (zext         ) [ 0000000000000000000000000]
F_temp_data_addr     (getelementptr) [ 0010000000000000000000000]
V_temp_data_addr     (getelementptr) [ 0010000000000000000000000]
tmp_i                (icmp         ) [ 0011111111111111111111111]
F_temp_data_load     (load         ) [ 0001000000000000000000000]
V_temp_data_load     (load         ) [ 0001000000000000000000000]
tmp_s                (fpext        ) [ 0000111111111100000000000]
tmp_2                (fpext        ) [ 0000111111111100000000000]
tmp_1                (dmul         ) [ 0000000000000011111111100]
tmp_3                (dmul         ) [ 0000000000000011111111100]
tmp_4                (dadd         ) [ 0000000000000000000000011]
simConfig_rowsToSimu (read         ) [ 0000000000000000000000000]
RowOfBlocks_V_read_1 (read         ) [ 0000000000000000000000000]
lhs_V_i_cast         (sext         ) [ 0000000000000000000000000]
ret_V                (add          ) [ 0000000000000000000000000]
tmp_i_cast           (zext         ) [ 0000000000000000000000000]
tmp_10_i             (icmp         ) [ 0000000000000000000000001]
StgValue_72          (specinterface) [ 0000000000000000000000000]
tmp_data             (fptrunc      ) [ 0000000000000000000000000]
tmp_tlast_V          (and          ) [ 0000000000000000000000000]
StgValue_75          (write        ) [ 0000000000000000000000000]
StgValue_76          (ret          ) [ 0000000000000000000000000]
</LifeTime>

<model>

<comp_list>
<comp id="0" class="1000" name="row_V">
<pin_list>
<pin id="1" dir="1" index="0" bw="1" slack="0"/>
</pin_list>
<bind>
<StgValue><ssdm name="row_V"/></StgValue>
</bind>
</comp>

<comp id="2" class="1000" name="I_V_data">
<pin_list>
<pin id="3" dir="1" index="0" bw="1" slack="0"/>
</pin_list>
<bind>
<StgValue><ssdm name="I_V_data"/></StgValue>
</bind>
</comp>

<comp id="4" class="1000" name="I_V_tlast_V">
<pin_list>
<pin id="5" dir="1" index="0" bw="1" slack="0"/>
</pin_list>
<bind>
<StgValue><ssdm name="I_V_tlast_V"/></StgValue>
</bind>
</comp>

<comp id="6" class="1000" name="RowOfBlocks_V_read">
<pin_list>
<pin id="7" dir="1" index="0" bw="1" slack="0"/>
</pin_list>
<bind>
<StgValue><ssdm name="RowOfBlocks_V_read"/></StgValue>
</bind>
</comp>

<comp id="8" class="1000" name="simConfig_rowsToSimulate_V_read">
<pin_list>
<pin id="9" dir="1" index="0" bw="1" slack="0"/>
</pin_list>
<bind>
<StgValue><ssdm name="simConfig_rowsToSimulate_V_read"/></StgValue>
</bind>
</comp>

<comp id="10" class="1000" name="F_temp_data">
<pin_list>
<pin id="11" dir="1" index="0" bw="1" slack="0"/>
</pin_list>
<bind>
<StgValue><ssdm name="F_temp_data"/><MemPortTyVec>1 3 </MemPortTyVec>
</StgValue>
</bind>
</comp>

<comp id="12" class="1000" name="V_temp_data">
<pin_list>
<pin id="13" dir="1" index="0" bw="1" slack="0"/>
</pin_list>
<bind>
<StgValue><ssdm name="V_temp_data"/><MemPortTyVec>1 3 </MemPortTyVec>
</StgValue>
</bind>
</comp>

<comp id="14" class="1001" name="const_14">
<pin_list>
<pin id="15" dir="1" index="0" bw="1" slack="0"/>
</pin_list>
<bind>
<StgValue><ssdm name="_ssdm_op_Read.ap_auto.i3"/></StgValue>
</bind>
</comp>

<comp id="16" class="1001" name="const_16">
<pin_list>
<pin id="17" dir="1" index="0" bw="1" slack="0"/>
</pin_list>
<bind>
<StgValue><ssdm name=""/></StgValue>
</bind>
</comp>

<comp id="18" class="1001" name="const_18">
<pin_list>
<pin id="19" dir="1" index="0" bw="1" slack="0"/>
</pin_list>
<bind>
<StgValue><ssdm name=""/></StgValue>
</bind>
</comp>

<comp id="20" class="1001" name="const_20">
<pin_list>
<pin id="21" dir="1" index="0" bw="1" slack="0"/>
</pin_list>
<bind>
<StgValue><ssdm name=""/></StgValue>
</bind>
</comp>

<comp id="22" class="1001" name="const_22">
<pin_list>
<pin id="23" dir="1" index="0" bw="1" slack="0"/>
</pin_list>
<bind>
<StgValue><ssdm name=""/></StgValue>
</bind>
</comp>

<comp id="24" class="1001" name="const_24">
<pin_list>
<pin id="25" dir="1" index="0" bw="1" slack="0"/>
</pin_list>
<bind>
<StgValue><ssdm name="_ssdm_op_Read.ap_auto.i27"/></StgValue>
</bind>
</comp>

<comp id="26" class="1001" name="const_26">
<pin_list>
<pin id="27" dir="1" index="0" bw="1" slack="0"/>
</pin_list>
<bind>
<StgValue><ssdm name="_ssdm_op_Read.ap_auto.i26"/></StgValue>
</bind>
</comp>

<comp id="28" class="1001" name="const_28">
<pin_list>
<pin id="29" dir="1" index="0" bw="1" slack="0"/>
</pin_list>
<bind>
<StgValue><ssdm name=""/></StgValue>
</bind>
</comp>

<comp id="30" class="1001" name="const_30">
<pin_list>
<pin id="31" dir="1" index="0" bw="1" slack="2147483647"/>
</pin_list>
<bind>
<StgValue><ssdm name="_ssdm_op_SpecInterface"/></StgValue>
</bind>
</comp>

<comp id="32" class="1001" name="const_32">
<pin_list>
<pin id="33" dir="1" index="0" bw="1" slack="2147483647"/>
</pin_list>
<bind>
<StgValue><ssdm name="p_str834"/></StgValue>
</bind>
</comp>

<comp id="34" class="1001" name="const_34">
<pin_list>
<pin id="35" dir="1" index="0" bw="1" slack="2147483647"/>
</pin_list>
<bind>
<StgValue><ssdm name=""/></StgValue>
</bind>
</comp>

<comp id="36" class="1001" name="const_36">
<pin_list>
<pin id="37" dir="1" index="0" bw="1" slack="2147483647"/>
</pin_list>
<bind>
<StgValue><ssdm name="p_str935"/></StgValue>
</bind>
</comp>

<comp id="38" class="1001" name="const_38">
<pin_list>
<pin id="39" dir="1" index="0" bw="1" slack="2147483647"/>
</pin_list>
<bind>
<StgValue><ssdm name="p_str127"/></StgValue>
</bind>
</comp>

<comp id="40" class="1001" name="const_40">
<pin_list>
<pin id="41" dir="1" index="0" bw="1" slack="0"/>
</pin_list>
<bind>
<StgValue><ssdm name="_ssdm_op_Write.axis.volatile.floatP.i1P"/></StgValue>
</bind>
</comp>

<comp id="42" class="1004" name="row_V_read_read_fu_42">
<pin_list>
<pin id="43" dir="0" index="0" bw="3" slack="0"/>
<pin id="44" dir="0" index="1" bw="3" slack="0"/>
<pin id="45" dir="1" index="2" bw="3" slack="0"/>
</pin_list>
<bind>
<opcode="read(1150) " fcode="read"/>
<opset="row_V_read/1 "/>
</bind>
</comp>

<comp id="48" class="1004" name="simConfig_rowsToSimu_read_fu_48">
<pin_list>
<pin id="49" dir="0" index="0" bw="27" slack="0"/>
<pin id="50" dir="0" index="1" bw="27" slack="0"/>
<pin id="51" dir="1" index="2" bw="27" slack="0"/>
</pin_list>
<bind>
<opcode="read(1150) " fcode="read"/>
<opset="simConfig_rowsToSimu/23 "/>
</bind>
</comp>

<comp id="54" class="1004" name="RowOfBlocks_V_read_1_read_fu_54">
<pin_list>
<pin id="55" dir="0" index="0" bw="26" slack="0"/>
<pin id="56" dir="0" index="1" bw="26" slack="0"/>
<pin id="57" dir="1" index="2" bw="26" slack="0"/>
</pin_list>
<bind>
<opcode="read(1150) " fcode="read"/>
<opset="RowOfBlocks_V_read_1/23 "/>
</bind>
</comp>

<comp id="60" class="1004" name="StgValue_75_write_fu_60">
<pin_list>
<pin id="61" dir="0" index="0" bw="0" slack="0"/>
<pin id="62" dir="0" index="1" bw="32" slack="0"/>
<pin id="63" dir="0" index="2" bw="1" slack="0"/>
<pin id="64" dir="0" index="3" bw="32" slack="0"/>
<pin id="65" dir="0" index="4" bw="1" slack="0"/>
<pin id="66" dir="1" index="5" bw="0" slack="2147483647"/>
</pin_list>
<bind>
<opcode="write(1151) " fcode="write"/>
<opset="StgValue_75/24 "/>
</bind>
</comp>

<comp id="70" class="1004" name="F_temp_data_addr_gep_fu_70">
<pin_list>
<pin id="71" dir="0" index="0" bw="32" slack="0"/>
<pin id="72" dir="0" index="1" bw="1" slack="0"/>
<pin id="73" dir="0" index="2" bw="3" slack="0"/>
<pin id="74" dir="1" index="3" bw="2" slack="0"/>
</pin_list>
<bind>
<opcode="getelementptr(29) " fcode="getelementptr"/>
<opset="F_temp_data_addr/1 "/>
</bind>
</comp>

<comp id="77" class="1004" name="grp_access_fu_77">
<pin_list>
<pin id="78" dir="0" index="0" bw="2" slack="0"/>
<pin id="79" dir="0" index="1" bw="32" slack="2147483647"/>
<pin id="80" dir="0" index="2" bw="0" slack="2147483647"/>
<pin id="81" dir="1" index="3" bw="32" slack="1"/>
</pin_list>
<bind>
<opcode="load(27) " fcode="load"/>
<opset="F_temp_data_load/1 "/>
</bind>
</comp>

<comp id="83" class="1004" name="V_temp_data_addr_gep_fu_83">
<pin_list>
<pin id="84" dir="0" index="0" bw="32" slack="0"/>
<pin id="85" dir="0" index="1" bw="1" slack="0"/>
<pin id="86" dir="0" index="2" bw="3" slack="0"/>
<pin id="87" dir="1" index="3" bw="2" slack="0"/>
</pin_list>
<bind>
<opcode="getelementptr(29) " fcode="getelementptr"/>
<opset="V_temp_data_addr/1 "/>
</bind>
</comp>

<comp id="90" class="1004" name="grp_access_fu_90">
<pin_list>
<pin id="91" dir="0" index="0" bw="2" slack="0"/>
<pin id="92" dir="0" index="1" bw="32" slack="2147483647"/>
<pin id="93" dir="0" index="2" bw="0" slack="2147483647"/>
<pin id="94" dir="1" index="3" bw="32" slack="1"/>
</pin_list>
<bind>
<opcode="load(27) " fcode="load"/>
<opset="V_temp_data_load/1 "/>
</bind>
</comp>

<comp id="96" class="1004" name="grp_fu_96">
<pin_list>
<pin id="97" dir="0" index="0" bw="64" slack="1"/>
<pin id="98" dir="1" index="1" bw="32" slack="0"/>
</pin_list>
<bind>
<opcode="fptrunc(40) " fcode="fptrunc"/>
<opset="tmp_data/23 "/>
</bind>
</comp>

<comp id="100" class="1004" name="tmp_s_fu_100">
<pin_list>
<pin id="101" dir="0" index="0" bw="32" slack="1"/>
<pin id="102" dir="1" index="1" bw="64" slack="1"/>
</pin_list>
<bind>
<opcode="fpext(41) " fcode="fpext"/>
<opset="tmp_s/3 "/>
</bind>
</comp>

<comp id="103" class="1004" name="tmp_2_fu_103">
<pin_list>
<pin id="104" dir="0" index="0" bw="32" slack="1"/>
<pin id="105" dir="1" index="1" bw="64" slack="1"/>
</pin_list>
<bind>
<opcode="fpext(41) " fcode="fpext"/>
<opset="tmp_2/3 "/>
</bind>
</comp>

<comp id="106" class="1004" name="grp_fu_106">
<pin_list>
<pin id="107" dir="0" index="0" bw="64" slack="1"/>
<pin id="108" dir="0" index="1" bw="64" slack="1"/>
<pin id="109" dir="1" index="2" bw="64" slack="1"/>
</pin_list>
<bind>
<opcode="dadd(508) " fcode="dadd"/>
<opset="tmp_4/14 "/>
</bind>
</comp>

<comp id="110" class="1004" name="grp_fu_110">
<pin_list>
<pin id="111" dir="0" index="0" bw="64" slack="1"/>
<pin id="112" dir="0" index="1" bw="64" slack="0"/>
<pin id="113" dir="1" index="2" bw="64" slack="1"/>
</pin_list>
<bind>
<opcode="dmul(510) " fcode="dmul"/>
<opset="tmp_1/4 "/>
</bind>
</comp>

<comp id="115" class="1004" name="grp_fu_115">
<pin_list>
<pin id="116" dir="0" index="0" bw="64" slack="1"/>
<pin id="117" dir="0" index="1" bw="64" slack="0"/>
<pin id="118" dir="1" index="2" bw="64" slack="1"/>
</pin_list>
<bind>
<opcode="dmul(510) " fcode="dmul"/>
<opset="tmp_3/4 "/>
</bind>
</comp>

<comp id="120" class="1004" name="tmp_fu_120">
<pin_list>
<pin id="121" dir="0" index="0" bw="3" slack="0"/>
<pin id="122" dir="1" index="1" bw="64" slack="0"/>
</pin_list>
<bind>
<opcode="zext(34) " fcode="zext"/>
<opset="tmp/1 "/>
</bind>
</comp>

<comp id="126" class="1004" name="tmp_i_fu_126">
<pin_list>
<pin id="127" dir="0" index="0" bw="3" slack="0"/>
<pin id="128" dir="0" index="1" bw="3" slack="0"/>
<pin id="129" dir="1" index="2" bw="1" slack="23"/>
</pin_list>
<bind>
<opcode="icmp(45) " fcode="icmp"/>
<opset="tmp_i/1 "/>
</bind>
</comp>

<comp id="132" class="1004" name="lhs_V_i_cast_fu_132">
<pin_list>
<pin id="133" dir="0" index="0" bw="27" slack="0"/>
<pin id="134" dir="1" index="1" bw="28" slack="0"/>
</pin_list>
<bind>
<opcode="sext(35) " fcode="sext"/>
<opset="lhs_V_i_cast/23 "/>
</bind>
</comp>

<comp id="136" class="1004" name="ret_V_fu_136">
<pin_list>
<pin id="137" dir="0" index="0" bw="27" slack="0"/>
<pin id="138" dir="0" index="1" bw="1" slack="0"/>
<pin id="139" dir="1" index="2" bw="28" slack="0"/>
</pin_list>
<bind>
<opcode="add(8) " fcode="add"/>
<opset="ret_V/23 "/>
</bind>
</comp>

<comp id="142" class="1004" name="tmp_i_cast_fu_142">
<pin_list>
<pin id="143" dir="0" index="0" bw="26" slack="0"/>
<pin id="144" dir="1" index="1" bw="28" slack="0"/>
</pin_list>
<bind>
<opcode="zext(34) " fcode="zext"/>
<opset="tmp_i_cast/23 "/>
</bind>
</comp>

<comp id="146" class="1004" name="tmp_10_i_fu_146">
<pin_list>
<pin id="147" dir="0" index="0" bw="28" slack="0"/>
<pin id="148" dir="0" index="1" bw="28" slack="0"/>
<pin id="149" dir="1" index="2" bw="1" slack="1"/>
</pin_list>
<bind>
<opcode="icmp(45) " fcode="icmp"/>
<opset="tmp_10_i/23 "/>
</bind>
</comp>

<comp id="152" class="1004" name="tmp_tlast_V_fu_152">
<pin_list>
<pin id="153" dir="0" index="0" bw="1" slack="23"/>
<pin id="154" dir="0" index="1" bw="1" slack="1"/>
<pin id="155" dir="1" index="2" bw="1" slack="0"/>
</pin_list>
<bind>
<opcode="and(23) " fcode="and"/>
<opset="tmp_tlast_V/24 "/>
</bind>
</comp>

<comp id="157" class="1005" name="F_temp_data_addr_reg_157">
<pin_list>
<pin id="158" dir="0" index="0" bw="2" slack="1"/>
<pin id="159" dir="1" index="1" bw="2" slack="1"/>
</pin_list>
<bind>
<opset="F_temp_data_addr "/>
</bind>
</comp>

<comp id="162" class="1005" name="V_temp_data_addr_reg_162">
<pin_list>
<pin id="163" dir="0" index="0" bw="2" slack="1"/>
<pin id="164" dir="1" index="1" bw="2" slack="1"/>
</pin_list>
<bind>
<opset="V_temp_data_addr "/>
</bind>
</comp>

<comp id="167" class="1005" name="tmp_i_reg_167">
<pin_list>
<pin id="168" dir="0" index="0" bw="1" slack="23"/>
<pin id="169" dir="1" index="1" bw="1" slack="23"/>
</pin_list>
<bind>
<opset="tmp_i "/>
</bind>
</comp>

<comp id="172" class="1005" name="F_temp_data_load_reg_172">
<pin_list>
<pin id="173" dir="0" index="0" bw="32" slack="1"/>
<pin id="174" dir="1" index="1" bw="32" slack="1"/>
</pin_list>
<bind>
<opset="F_temp_data_load "/>
</bind>
</comp>

<comp id="177" class="1005" name="V_temp_data_load_reg_177">
<pin_list>
<pin id="178" dir="0" index="0" bw="32" slack="1"/>
<pin id="179" dir="1" index="1" bw="32" slack="1"/>
</pin_list>
<bind>
<opset="V_temp_data_load "/>
</bind>
</comp>

<comp id="182" class="1005" name="tmp_s_reg_182">
<pin_list>
<pin id="183" dir="0" index="0" bw="64" slack="1"/>
<pin id="184" dir="1" index="1" bw="64" slack="1"/>
</pin_list>
<bind>
<opset="tmp_s "/>
</bind>
</comp>

<comp id="187" class="1005" name="tmp_2_reg_187">
<pin_list>
<pin id="188" dir="0" index="0" bw="64" slack="1"/>
<pin id="189" dir="1" index="1" bw="64" slack="1"/>
</pin_list>
<bind>
<opset="tmp_2 "/>
</bind>
</comp>

<comp id="192" class="1005" name="tmp_1_reg_192">
<pin_list>
<pin id="193" dir="0" index="0" bw="64" slack="1"/>
<pin id="194" dir="1" index="1" bw="64" slack="1"/>
</pin_list>
<bind>
<opset="tmp_1 "/>
</bind>
</comp>

<comp id="197" class="1005" name="tmp_3_reg_197">
<pin_list>
<pin id="198" dir="0" index="0" bw="64" slack="1"/>
<pin id="199" dir="1" index="1" bw="64" slack="1"/>
</pin_list>
<bind>
<opset="tmp_3 "/>
</bind>
</comp>

<comp id="202" class="1005" name="tmp_4_reg_202">
<pin_list>
<pin id="203" dir="0" index="0" bw="64" slack="1"/>
<pin id="204" dir="1" index="1" bw="64" slack="1"/>
</pin_list>
<bind>
<opset="tmp_4 "/>
</bind>
</comp>

<comp id="207" class="1005" name="tmp_10_i_reg_207">
<pin_list>
<pin id="208" dir="0" index="0" bw="1" slack="1"/>
<pin id="209" dir="1" index="1" bw="1" slack="1"/>
</pin_list>
<bind>
<opset="tmp_10_i "/>
</bind>
</comp>

</comp_list>

<net_list>
<net id="46"><net_src comp="14" pin="0"/><net_sink comp="42" pin=0"/></net>

<net id="47"><net_src comp="0" pin="0"/><net_sink comp="42" pin=1"/></net>

<net id="52"><net_src comp="24" pin="0"/><net_sink comp="48" pin=0"/></net>

<net id="53"><net_src comp="8" pin="0"/><net_sink comp="48" pin=1"/></net>

<net id="58"><net_src comp="26" pin="0"/><net_sink comp="54" pin=0"/></net>

<net id="59"><net_src comp="6" pin="0"/><net_sink comp="54" pin=1"/></net>

<net id="67"><net_src comp="40" pin="0"/><net_sink comp="60" pin=0"/></net>

<net id="68"><net_src comp="2" pin="0"/><net_sink comp="60" pin=1"/></net>

<net id="69"><net_src comp="4" pin="0"/><net_sink comp="60" pin=2"/></net>

<net id="75"><net_src comp="10" pin="0"/><net_sink comp="70" pin=0"/></net>

<net id="76"><net_src comp="16" pin="0"/><net_sink comp="70" pin=1"/></net>

<net id="82"><net_src comp="70" pin="3"/><net_sink comp="77" pin=0"/></net>

<net id="88"><net_src comp="12" pin="0"/><net_sink comp="83" pin=0"/></net>

<net id="89"><net_src comp="16" pin="0"/><net_sink comp="83" pin=1"/></net>

<net id="95"><net_src comp="83" pin="3"/><net_sink comp="90" pin=0"/></net>

<net id="99"><net_src comp="96" pin="1"/><net_sink comp="60" pin=3"/></net>

<net id="114"><net_src comp="20" pin="0"/><net_sink comp="110" pin=1"/></net>

<net id="119"><net_src comp="22" pin="0"/><net_sink comp="115" pin=1"/></net>

<net id="123"><net_src comp="42" pin="2"/><net_sink comp="120" pin=0"/></net>

<net id="124"><net_src comp="120" pin="1"/><net_sink comp="70" pin=2"/></net>

<net id="125"><net_src comp="120" pin="1"/><net_sink comp="83" pin=2"/></net>

<net id="130"><net_src comp="42" pin="2"/><net_sink comp="126" pin=0"/></net>

<net id="131"><net_src comp="18" pin="0"/><net_sink comp="126" pin=1"/></net>

<net id="135"><net_src comp="48" pin="2"/><net_sink comp="132" pin=0"/></net>

<net id="140"><net_src comp="132" pin="1"/><net_sink comp="136" pin=0"/></net>

<net id="141"><net_src comp="28" pin="0"/><net_sink comp="136" pin=1"/></net>

<net id="145"><net_src comp="54" pin="2"/><net_sink comp="142" pin=0"/></net>

<net id="150"><net_src comp="142" pin="1"/><net_sink comp="146" pin=0"/></net>

<net id="151"><net_src comp="136" pin="2"/><net_sink comp="146" pin=1"/></net>

<net id="156"><net_src comp="152" pin="2"/><net_sink comp="60" pin=4"/></net>

<net id="160"><net_src comp="70" pin="3"/><net_sink comp="157" pin=0"/></net>

<net id="161"><net_src comp="157" pin="1"/><net_sink comp="77" pin=0"/></net>

<net id="165"><net_src comp="83" pin="3"/><net_sink comp="162" pin=0"/></net>

<net id="166"><net_src comp="162" pin="1"/><net_sink comp="90" pin=0"/></net>

<net id="170"><net_src comp="126" pin="2"/><net_sink comp="167" pin=0"/></net>

<net id="171"><net_src comp="167" pin="1"/><net_sink comp="152" pin=0"/></net>

<net id="175"><net_src comp="77" pin="3"/><net_sink comp="172" pin=0"/></net>

<net id="176"><net_src comp="172" pin="1"/><net_sink comp="100" pin=0"/></net>

<net id="180"><net_src comp="90" pin="3"/><net_sink comp="177" pin=0"/></net>

<net id="181"><net_src comp="177" pin="1"/><net_sink comp="103" pin=0"/></net>

<net id="185"><net_src comp="100" pin="1"/><net_sink comp="182" pin=0"/></net>

<net id="186"><net_src comp="182" pin="1"/><net_sink comp="110" pin=0"/></net>

<net id="190"><net_src comp="103" pin="1"/><net_sink comp="187" pin=0"/></net>

<net id="191"><net_src comp="187" pin="1"/><net_sink comp="115" pin=0"/></net>

<net id="195"><net_src comp="110" pin="2"/><net_sink comp="192" pin=0"/></net>

<net id="196"><net_src comp="192" pin="1"/><net_sink comp="106" pin=0"/></net>

<net id="200"><net_src comp="115" pin="2"/><net_sink comp="197" pin=0"/></net>

<net id="201"><net_src comp="197" pin="1"/><net_sink comp="106" pin=1"/></net>

<net id="205"><net_src comp="106" pin="2"/><net_sink comp="202" pin=0"/></net>

<net id="206"><net_src comp="202" pin="1"/><net_sink comp="96" pin=0"/></net>

<net id="210"><net_src comp="146" pin="2"/><net_sink comp="207" pin=0"/></net>

<net id="211"><net_src comp="207" pin="1"/><net_sink comp="152" pin=1"/></net>

</net_list>

</model> 
---------------- Datapath Model END ------------------

* FSMD analyzer results:
  - Output states:
	Port: I_V_data | {24 }
	Port: I_V_tlast_V | {24 }
 - Input state : 
	Port: getTotalCurrent : row_V | {1 }
	Port: getTotalCurrent : I_V_data | {}
	Port: getTotalCurrent : I_V_tlast_V | {}
	Port: getTotalCurrent : RowOfBlocks_V_read | {23 }
	Port: getTotalCurrent : simConfig_rowsToSimulate_V_read | {23 }
	Port: getTotalCurrent : F_temp_data | {1 2 }
	Port: getTotalCurrent : V_temp_data | {1 2 }
  - Chain level:
	State 1
		F_temp_data_addr : 1
		F_temp_data_load : 2
		V_temp_data_addr : 1
		V_temp_data_load : 2
	State 2
	State 3
	State 4
	State 5
	State 6
	State 7
	State 8
	State 9
	State 10
	State 11
	State 12
	State 13
	State 14
	State 15
	State 16
	State 17
	State 18
	State 19
	State 20
	State 21
	State 22
	State 23
		ret_V : 1
		tmp_10_i : 2
	State 24


============================================================
+ Verbose Summary: Datapath Resource usage 
============================================================

* Functional unit list:
|----------|---------------------------------|---------|---------|---------|
| Operation|         Functional Unit         |  DSP48E |    FF   |   LUT   |
|----------|---------------------------------|---------|---------|---------|
|   dmul   |            grp_fu_110           |    11   |   456   |   612   |
|          |            grp_fu_115           |    11   |   456   |   612   |
|----------|---------------------------------|---------|---------|---------|
|   dadd   |            grp_fu_106           |    3    |   700   |   1103  |
|----------|---------------------------------|---------|---------|---------|
|   fpext  |           tmp_s_fu_100          |    0    |   100   |   143   |
|          |           tmp_2_fu_103          |    0    |   100   |   143   |
|----------|---------------------------------|---------|---------|---------|
|  fptrunc |            grp_fu_96            |    0    |   128   |   285   |
|----------|---------------------------------|---------|---------|---------|
|    add   |           ret_V_fu_136          |    0    |    0    |    27   |
|----------|---------------------------------|---------|---------|---------|
|   icmp   |           tmp_i_fu_126          |    0    |    0    |    2    |
|          |         tmp_10_i_fu_146         |    0    |    0    |    11   |
|----------|---------------------------------|---------|---------|---------|
|    and   |        tmp_tlast_V_fu_152       |    0    |    0    |    1    |
|----------|---------------------------------|---------|---------|---------|
|          |      row_V_read_read_fu_42      |    0    |    0    |    0    |
|   read   | simConfig_rowsToSimu_read_fu_48 |    0    |    0    |    0    |
|          | RowOfBlocks_V_read_1_read_fu_54 |    0    |    0    |    0    |
|----------|---------------------------------|---------|---------|---------|
|   write  |     StgValue_75_write_fu_60     |    0    |    0    |    0    |
|----------|---------------------------------|---------|---------|---------|
|   zext   |            tmp_fu_120           |    0    |    0    |    0    |
|          |        tmp_i_cast_fu_142        |    0    |    0    |    0    |
|----------|---------------------------------|---------|---------|---------|
|   sext   |       lhs_V_i_cast_fu_132       |    0    |    0    |    0    |
|----------|---------------------------------|---------|---------|---------|
|   Total  |                                 |    25   |   1940  |   2939  |
|----------|---------------------------------|---------|---------|---------|

Memories:
N/A

* Register list:
+------------------------+--------+
|                        |   FF   |
+------------------------+--------+
|F_temp_data_addr_reg_157|    2   |
|F_temp_data_load_reg_172|   32   |
|V_temp_data_addr_reg_162|    2   |
|V_temp_data_load_reg_177|   32   |
|    tmp_10_i_reg_207    |    1   |
|      tmp_1_reg_192     |   64   |
|      tmp_2_reg_187     |   64   |
|      tmp_3_reg_197     |   64   |
|      tmp_4_reg_202     |   64   |
|      tmp_i_reg_167     |    1   |
|      tmp_s_reg_182     |   64   |
+------------------------+--------+
|          Total         |   390  |
+------------------------+--------+

* Multiplexer (MUX) list: 
|------------------|------|------|------|--------||---------||---------|
|       Comp       |  Pin | Size |  BW  | S x BW ||  Delay  ||   LUT   |
|------------------|------|------|------|--------||---------||---------|
| grp_access_fu_77 |  p0  |   2  |   2  |    4   ||    3    |
| grp_access_fu_90 |  p0  |   2  |   2  |    4   ||    3    |
|------------------|------|------|------|--------||---------||---------|
|       Total      |      |      |      |    8   ||  0.932  ||    6    |
|------------------|------|------|------|--------||---------||---------|



* Summary:
+-----------+--------+--------+--------+--------+
|           | DSP48E |  Delay |   FF   |   LUT  |
+-----------+--------+--------+--------+--------+
|  Function |   25   |    -   |  1940  |  2939  |
|   Memory  |    -   |    -   |    -   |    -   |
|Multiplexer|    -   |    0   |    -   |    6   |
|  Register |    -   |    -   |   390  |    -   |
+-----------+--------+--------+--------+--------+
|   Total   |   25   |    0   |  2330  |  2945  |
+-----------+--------+--------+--------+--------+
